A51 MACRO ASSEMBLER  PRACTICA4                                                            07/12/2021 10:08:52 PAGE     1


MACRO ASSEMBLER A51 V8.2.7.0
OBJECT MODULE PLACED IN .\Objects\Practica4.obj
ASSEMBLER INVOKED BY: C:\Keil_v5\C51\BIN\A51.EXE Practica4.a51 SET(SMALL) DEBUG PRINT(.\Listings\Practica4.lst) OBJECT(.
                      \Objects\Practica4.obj) EP

LOC  OBJ            LINE     SOURCE

                       1     ;PRACTICA 4
                       2     ;P2: BUS DE DATOS DE LCD
                       3     ;P3.6: RS - LCD
                       4     ;P3.7: E - LCD
                       5     
                       6     ;P1:3 - P1.0: D - A DE 74C922
                       7     
                       8     ;P3.1: PUERTO SERIAL
                       9     ;P3.2: LECTURA DE MATRIZ
                      10     ;P3.3: ASCII MODE
                      11     
                      12     ;TIMER 1 - DELAY 100 us
                      13     
                      14     ;R7: N VECES QUE SE REPITE TIMER 100 uS
                      15     ;R6: CANTIDAD DE CARACTERES impresos (LCD)
                      16     ;R5: CARACTER PRUEBA
                      17     
  0060                18     DIR_DATOS equ 60H
  0200                19     DIR_CONVERTION equ 0200H
  00B6                20     RS equ P3.6
  00B7                21     E equ P3.7
                      22     
0000                  23     ORG 0H
0000 803E             24             SJMP START
                      25             
                      26     ;EXTERNAL 0
0003                  27     ORG 0003H
0003 C289             28             CLR IE0
                      29             ;Leer dato
0005 11BD             30             ACALL READ_MATRICIAL
                      31             
                      32             ;Imprimir dato
0007 118A             33             ACALL LCD_WRITE 
                      34             
                      35             ;Guardar dato
0009 11C9             36             ACALL SAVE_DATA
                      37             
000B 32               38     RETI
                      39             
                      40     ;TIMER 0
                      41     ;ORG 000BH
                      42     ;RETI
                      43     
                      44     ;EXTERNAL 1
0013                  45     ORG 0013H
0013 32               46     RETI
                      47     
                      48     ;TIMER 1
                      49     ;ORG 001BH
                      50     ;RETI
                      51     
                      52     ;SERIAL PORT
0023                  53     ORG 0023H
0023 32               54     RETI
                      55             
                      56     
0040                  57     ORG 40H
A51 MACRO ASSEMBLER  PRACTICA4                                                            07/12/2021 10:08:52 PAGE     2

0040                  58     START:
                      59     ;CONF TIMER
                      60     ;                               T1                                      T0      
                      61     ;                       GATE !T/C M1 M0         GATE !T/C M1 M0 
0040 758911           62             MOV TMOD, #00010001b
                      63             
                      64     ;CONF INTERRUPCIONES
                      65     ;               EA - ET2 ES ET1 EX1 ET0 EX0
0043 75A895           66     MOV IE, #10010101b
0046 D288             67     setb it0
0048 7860             68     MOV R0, #DIR_DATOS
                      69     
                      70     ;CONF SERIAL
                      71     
                      72     
004A 114E             73             ACALL LCD_INICIALIZATION
                      74             
004C                  75     TEST:
                      76             ;PUEDEN UTILIZAR ESTE ESPACIO PARA PRUEBAS, SIEMPRE Y CUANDO DEJEN EL CODIGO COMO D
                             EBERÍA IR.
                      77             
004C 80FE             78             SJMP $
                      79             
                      80             
004E                  81     LCD_INICIALIZATION:
                      82             ;38H - 39 us, RS = 0
                      83             ;0FH - 39 us, RS = 0
                      84             ;01H - 1.53 ms, RS = 0
004E C2B6             85             CLR RS; !COMANDO / DATO
0050 C2B7             86             CLR E
0052 75A001           87             MOV P2, #01H
0055 7F11             88             MOV R7, #17D
0057 D2B7             89             SETB E ; E 
0059 11AD             90             ACALL DELAY
005B C2B7             91             CLR E; E        
                      92     
005D 75A038           93             MOV P2, #38H
0060 7F01             94             MOV R7, #01h; cantidad de veces que se repite t_0
0062 D2B7             95             SETB E; E 
0064 11AD             96             ACALL DELAY
0066 C2B7             97             CLR E; E
                      98             
0068 75A038           99             MOV P2, #38H
006B 7F01            100             MOV R7, #01h
006D D2B7            101             SETB E ; E 
006F 11AD            102             ACALL DELAY
0071 C2B7            103             CLR E; E
                     104             
0073 75A00F          105             MOV P2, #0FH
0076 7F01            106             MOV R7, #01h
0078 D2B7            107             SETB E; E 
007A 11AD            108             ACALL DELAY
007C C2B7            109             CLR E; E
                     110     
007E 75A080          111             MOV P2, #80H
0081 7F01            112             MOV R7, #01h
0083 D2B7            113             SETB E; E 
0085 11AD            114             ACALL DELAY
0087 C2B7            115             CLR E; E
                     116     
0089 22              117             RET
                     118             
008A                 119     LCD_WRITE:
                     120     ;PARA ESCRIBIR EN LCD, PASAR AL ACC EL CARACTER A ESCRIBIR
008A BE1004          121             CJNE R6, #16D, LCD_WRITE_ACC
008D 119F            122             ACALL LCD_JUMP
A51 MACRO ASSEMBLER  PRACTICA4                                                            07/12/2021 10:08:52 PAGE     3

008F 7E00            123             MOV R6, #0H
                     124             
0091                 125     LCD_WRITE_ACC:
0091 D2B6            126             SETB RS; !COMANDO / DATO
0093 F5A0            127             MOV P2, A; MOVER AL BUS DE LA PANTALLA EL DATO
0095 D2B7            128             SETB E; E
0097 7F01            129             MOV R7, #1
0099 11AD            130             ACALL DELAY
009B C2B7            131             CLR E
009D 0E              132             INC R6
                     133     
009E 22              134             RET
                     135             
009F                 136     LCD_JUMP:
009F C2B6            137             CLR RS
00A1 75A0C0          138             MOV P2, #0C0H
00A4 D2B7            139             SETB E
00A6 7F01            140             MOV R7, #1D
00A8 11AD            141             ACALL DELAY
00AA C2B7            142             CLR E
00AC 22              143             RET
                     144             
00AD                 145     DELAY:
00AD 758CFF          146             MOV TH0, #HIGH(-100)
00B0 758A9C          147             MOV TL0, #LOW(-100)
00B3 D28C            148             SETB TR0
                     149             
00B5                 150     POOLING:
00B5 308DFD          151             JNB TF0, POOLING
00B8 C28D            152             CLR TF0
                     153             
00BA DFF1            154             DJNZ R7, DELAY
                     155             
00BC 22              156             RET
                     157             
00BD                 158     READ_MATRICIAL:
00BD E590            159             mov A,P1; leer dato
00BF 540F            160             anl A,#0FH; limpiar 
00C1 758302          161             MOV DPH, #HIGH(DIR_CONVERTION)
00C4 758200          162             MOV DPL, #LOW(DIR_CONVERTION)
                     163             
00C7 93              164             MOVC A, @A+DPTR; Mover al acc la conversión
                     165             
00C8 22              166             RET
                     167             
00C9                 168     SAVE_DATA:
00C9 F6              169             mov @R0, A
00CA 08              170             INC R0
00CB 22              171             RET
                     172     
0200                 173             ORG DIR_CONVERTION
0200 44              174             DB 'D'  ;0
0201 42              175             DB 'B'  ;1
0202 43              176             DB 'C'  ;2
0203 41              177             DB 'A'  ;3
0204 30              178             DB '0'  ;4
0205 35              179             DB '5'  ;5
0206 38              180             DB '8'  ;6
0207 32              181             DB '2'  ;7
0208 45              182             DB 'E'  ;8
0209 36              183             DB '6'  ;9
020A 39              184             DB '9'  ;10
020B 33              185             DB '3'  ;11
020C 46              186             DB 'F'  ;12
020D 34              187             DB '4'  ;13
020E 37              188             DB '7'  ;14     
A51 MACRO ASSEMBLER  PRACTICA4                                                            07/12/2021 10:08:52 PAGE     4

020F 31              189             DB '1'  ;15
                     190                     
                     191                     
                     192             
                     193             END
A51 MACRO ASSEMBLER  PRACTICA4                                                            07/12/2021 10:08:52 PAGE     5

SYMBOL TABLE LISTING
------ ----- -------


N A M E             T Y P E  V A L U E   ATTRIBUTES

DELAY. . . . . . .  C ADDR   00ADH   A   
DIR_CONVERTION . .  N NUMB   0200H   A   
DIR_DATOS. . . . .  N NUMB   0060H   A   
DPH. . . . . . . .  D ADDR   0083H   A   
DPL. . . . . . . .  D ADDR   0082H   A   
E. . . . . . . . .  B ADDR   00B0H.7 A   
IE . . . . . . . .  D ADDR   00A8H   A   
IE0. . . . . . . .  B ADDR   0088H.1 A   
IT0. . . . . . . .  B ADDR   0088H.0 A   
LCD_INICIALIZATION  C ADDR   004EH   A   
LCD_JUMP . . . . .  C ADDR   009FH   A   
LCD_WRITE. . . . .  C ADDR   008AH   A   
LCD_WRITE_ACC. . .  C ADDR   0091H   A   
P1 . . . . . . . .  D ADDR   0090H   A   
P2 . . . . . . . .  D ADDR   00A0H   A   
P3 . . . . . . . .  D ADDR   00B0H   A   
POOLING. . . . . .  C ADDR   00B5H   A   
READ_MATRICIAL . .  C ADDR   00BDH   A   
RS . . . . . . . .  B ADDR   00B0H.6 A   
SAVE_DATA. . . . .  C ADDR   00C9H   A   
START. . . . . . .  C ADDR   0040H   A   
TEST . . . . . . .  C ADDR   004CH   A   
TF0. . . . . . . .  B ADDR   0088H.5 A   
TH0. . . . . . . .  D ADDR   008CH   A   
TL0. . . . . . . .  D ADDR   008AH   A   
TMOD . . . . . . .  D ADDR   0089H   A   
TR0. . . . . . . .  B ADDR   0088H.4 A   


REGISTER BANK(S) USED: 0 


ASSEMBLY COMPLETE.  0 WARNING(S), 0 ERROR(S)
